Microsoft Windows [Version 10.0.22631.4751]
(c) Microsoft Corporation. All rights reserved.

C:\Users\User>cd C:\Users\User\Works\terakoya\misc\git_challenge

C:\Users\User\Works\terakoya\misc\git_challenge>git add hello_world.txt

C:\Users\User\Works\terakoya\misc\git_challenge>git commit -m "最初のコミット"
[main a91291f] 最初のコミット
 1 file changed, 2 insertions(+)

C:\Users\User\Works\terakoya\misc\git_challenge>git add hello_world.txt

C:\Users\User\Works\terakoya\misc\git_challenge>git commit -m "次のコミット"
[main 33dd489] 次のコミット
 1 file changed, 1 deletion(-)

C:\Users\User\Works\terakoya\misc\git_challenge>git log --oneline
33dd489 (HEAD -> main) 次のコミット
a91291f 最初のコミット
2f58985 最初のコミット

C:\Users\User\Works\terakoya\misc\git_challenge>